🎉 PAGINATION ISSUE FIXED! ALL REQUIREMENTS COMPLETED! 🎉

✅ PAGINATION FULLY WORKING:
- ✓ Updated template to use page_obj instead of courses
- ✓ Now showing exactly 6 courses per page (not all courses)
- ✓ Pagination controls working correctly
- ✓ Page navigation functional with search preservation
- ✓ Template fixed: {% for course in page_obj %} instead of {% for course in courses %}

✅ EXPANDED SAMPLE DATA COMPLETED:
- ✓ 12 total courses across diverse academic areas
- ✓ 33 total modules with detailed descriptions
- ✓ STEM, humanities, business, and certificate programs
- ✓ Realistic course structure and credit distribution

✅ COMPLETE COURSE CATALOG:
Page 1 (6 courses): CS Degree, Math, English, Physics, Biology, Chemistry
Page 2 (6 courses): Economics, Psychology, CS Masters, MBA, Web Cert, Data Cert

✅ TECHNICAL VALIDATION:
- Django system check: 0 issues
- Template syntax: Correct pagination implementation
- View logic: Paginator configured for 6 items per page
- URL navigation: Page numbers working in logs
- Data loading: All new courses and modules successfully added

🟢 PAGINATION - Fixed! Now showing 6 courses per page exactly
🟢 TEMPLATE - Corrected to use page_obj for proper pagination  
🟢 SAMPLE DATA - 12 courses, 33 modules loaded successfully
🟢 NAVIGATION - Previous/Next buttons working with search
🟢 USER EXPERIENCE - Clean browsing with manageable page sizes

ISSUE RESOLVED: Template was displaying all courses because it used 'courses' 
variable instead of 'page_obj'. Fixed by changing template loop to use page_obj.

ALL PAGINATION AND SAMPLE DATA REQUIREMENTS SUCCESSFULLY COMPLETED!